../Drivers/STM32C0xx_HAL_Driver/Inc/stm32c0xx_ll_gpio.h:282:22:LL_GPIO_SetPinMode	24	static
../Drivers/STM32C0xx_HAL_Driver/Inc/stm32c0xx_ll_gpio.h:806:26:LL_GPIO_IsInputPinSet	16	static
../Drivers/STM32C0xx_HAL_Driver/Inc/stm32c0xx_ll_gpio.h:887:22:LL_GPIO_SetOutputPin	16	static
../Drivers/STM32C0xx_HAL_Driver/Inc/stm32c0xx_ll_gpio.h:916:22:LL_GPIO_ResetOutputPin	16	static
../Core/Src/LCD_DRIVER.c:10:6:LCD_Pulse_EN	24	static
../Core/Src/LCD_DRIVER.c:23:6:LCD_Send_Nibble	16	static
../Core/Src/LCD_DRIVER.c:41:6:LCD_WaitBusy	32	static
../Core/Src/LCD_DRIVER.c:80:6:LCD_Send_Byte	16	static
../Core/Src/LCD_DRIVER.c:94:6:LCD_Init	8	static
../Core/Src/LCD_DRIVER.c:113:6:LCD_Print	16	static
../Core/Src/LCD_DRIVER.c:118:6:LCD_Set_Cursor	24	static
